AI-refernces /StarSeed Network_ Sistema Operativo Social Descentralizado /integracion de spline/interactive-scene.tsx(100,9): error TS2322: Type '{ scene: string; onLoad: (app: Application) => void; onMouseDown: (e: any) => void; onMouseHover: (e: any) => void; style: { position: "absolute"; inset: number; width: string; height: string; zIndex: number; }; }' is not assignable to type 'IntrinsicAttributes & SplineProps & RefAttributes<HTMLDivElement>'.
  Property 'onMouseHover' does not exist on type 'IntrinsicAttributes & SplineProps & RefAttributes<HTMLDivElement>'. Did you mean 'onMouseOver'?
hermes-integration/03-unified-store.ts(21,10): error TS2393: Duplicate function implementation.
hermes-integration/03-unified-store.ts(162,33): error TS2339: Property 'get' does not exist on type 'IDBDatabase'.
hermes-integration/03-unified-store.ts(219,20): error TS2339: Property 'put' does not exist on type 'IDBDatabase'.
hermes-integration/03-unified-store.ts(224,40): error TS2339: Property 'getAllFromIndex' does not exist on type 'IDBDatabase'.
hermes-integration/03-unified-store.ts(225,40): error TS2339: Property 'getAllFromIndex' does not exist on type 'IDBDatabase'.
hermes-integration/03-unified-store.ts(231,20): error TS2339: Property 'delete' does not exist on type 'IDBDatabase'.
hermes-integration/03-unified-store.ts(240,46): error TS2339: Property 'getAllFromIndex' does not exist on type 'IDBDatabase'.
hermes-integration/03-unified-store.ts(262,51): error TS2339: Property 'getAll' does not exist on type 'IDBDatabase'.
hermes-integration/03-unified-store.ts(277,71): error TS2339: Property 'getAll' does not exist on type 'IDBDatabase'.
hermes-integration/03-unified-store.ts(297,46): error TS2339: Property 'getAll' does not exist on type 'IDBDatabase'.
hermes-integration/03-unified-store.ts(307,46): error TS2339: Property 'getAll' does not exist on type 'IDBDatabase'.
hermes-integration/03-unified-store.ts(397,10): error TS2393: Duplicate function implementation.
hermes-integration/04-auto-discover.ts(301,15): error TS2322: Type '{ loadMode: "manual"; name?: string | undefined; description?: string | undefined; version?: string | undefined; category?: SkillCategory | undefined; tags?: string[] | undefined; ... 5 more ...; requiredTools?: string[] | undefined; }' is not assignable to type 'SkillMetadata'.
  Types of property 'name' are incompatible.
    Type 'string | undefined' is not assignable to type 'string'.
      Type 'undefined' is not assignable to type 'string'.
hermes-integration/04-auto-discover.ts(313,11): error TS2322: Type '{ loadMode: "auto"; name?: string | undefined; description?: string | undefined; version?: string | undefined; category?: SkillCategory | undefined; tags?: string[] | undefined; ... 5 more ...; requiredTools?: string[] | undefined; }' is not assignable to type 'SkillMetadata'.
  Types of property 'name' are incompatible.
    Type 'string | undefined' is not assignable to type 'string'.
      Type 'undefined' is not assignable to type 'string'.
integraciones-de-codigo/la-fragua-de-interfaces/src/App.tsx(2,41): error TS2307: Cannot find module 'motion/react' or its corresponding type declarations.
integraciones-de-codigo/la-fragua-de-interfaces/src/main.tsx(3,17): error TS5097: An import path can only end with a '.tsx' extension when 'allowImportingTsExtensions' is enabled.
integraciones-de-codigo/la-fragua-de-interfaces/vite.config.ts(1,25): error TS2307: Cannot find module '@tailwindcss/vite' or its corresponding type declarations.
integraciones-de-codigo/la-fragua-de-interfaces/vite.config.ts(2,19): error TS2307: Cannot find module '@vitejs/plugin-react' or its corresponding type declarations.
integraciones-de-codigo/la-fragua-de-interfaces/vite.config.ts(4,37): error TS2307: Cannot find module 'vite' or its corresponding type declarations.
integraciones-de-codigo/la-fragua-de-interfaces/vite.config.ts(6,31): error TS7031: Binding element 'mode' implicitly has an 'any' type.
src/ai/client/keyStorage.ts(54,7): error TS2769: No overload matches this call.
  Overload 1 of 2, '(algorithm: AlgorithmIdentifier | EcdhKeyDeriveParams | HkdfParams | Pbkdf2Params, baseKey: CryptoKey, derivedKeyType: AlgorithmIdentifier | ... 3 more ... | AesDerivedKeyParams, extractable: boolean, keyUsages: Iterable<...>): Promise<...>', gave the following error.
    Type 'Uint8Array<ArrayBufferLike>' is not assignable to type 'BufferSource'.
      Type 'Uint8Array<ArrayBufferLike>' is not assignable to type 'ArrayBufferView<ArrayBuffer>'.
        Types of property 'buffer' are incompatible.
          Type 'ArrayBufferLike' is not assignable to type 'ArrayBuffer'.
            Type 'SharedArrayBuffer' is missing the following properties from type 'ArrayBuffer': resizable, resize, detached, transfer, transferToFixedLength
  Overload 2 of 2, '(algorithm: AlgorithmIdentifier | EcdhKeyDeriveParams | HkdfParams | Pbkdf2Params, baseKey: CryptoKey, derivedKeyType: AlgorithmIdentifier | ... 3 more ... | AesDerivedKeyParams, extractable: boolean, keyUsages: KeyUsage[]): Promise<...>', gave the following error.
    Type 'Uint8Array<ArrayBufferLike>' is not assignable to type 'BufferSource'.
      Type 'Uint8Array<ArrayBufferLike>' is not assignable to type 'ArrayBufferView<ArrayBuffer>'.
        Types of property 'buffer' are incompatible.
          Type 'ArrayBufferLike' is not assignable to type 'ArrayBuffer'.
            Type 'SharedArrayBuffer' is missing the following properties from type 'ArrayBuffer': resizable, resize, detached, transfer, transferToFixedLength
src/app/(app)/hub/page.tsx(367,13): error TS2739: Type '{ type: string; title: string; status: string; href: string; icon: Element; urgency: string; }' is missing the following properties from type '{ id: string; type: string; title: string; status: string; href: string; icon: Element; urgency: string; progress: number; potentialBadge: string; }': id, progress, potentialBadge
src/app/(app)/hub/page.tsx(407,13): error TS2739: Type '{ type: string; title: string; status: string; href: string; icon: Element; urgency: string; }' is missing the following properties from type '{ id: string; type: string; title: string; status: string; href: string; icon: Element; urgency: string; progress: number; potentialBadge: string; }': id, progress, potentialBadge
src/app/(main)/settings-audit/page.tsx(12,13): error TS2339: Property 'settings' does not exist on type 'AppearanceContextType'.
src/app/api/widget-forge/generate-visuals/route.ts(83,43): error TS2345: Argument of type '(message?: string | undefined, _default?: string | undefined) => string | null' is not assignable to parameter of type 'string'.
src/app/components-test/page.tsx(24,13): error TS2339: Property 'setConfig' does not exist on type 'AppearanceContextType'.
src/app/components-test/page.tsx(28,20): error TS7006: Parameter 'prev' implicitly has an 'any' type.
src/components/control-panel/board/universal-board-viewer.tsx(53,9): error TS2304: Cannot find name 'useBoardSystem'.
src/components/control-panel/board/universal-board-viewer.tsx(55,43): error TS2304: Cannot find name 'useState'.
src/components/control-panel/board/universal-board-viewer.tsx(56,31): error TS7006: Parameter 'b' implicitly has an 'any' type.
src/components/control-panel/board/universal-board-viewer.tsx(89,38): error TS7006: Parameter 'w' implicitly has an 'any' type.
src/components/control-panel/board/universal-board-viewer.tsx(105,27): error TS2304: Cannot find name 'cn'.
src/components/control-panel/board/universal-board-viewer.tsx(130,29): error TS2304: Cannot find name 'cn'.
src/components/control-panel/board/universal-board-viewer.tsx(196,45): error TS7006: Parameter 'widget' implicitly has an 'any' type.
src/components/crystal/LiquidButton.tsx(39,13): error TS2322: Type 'MouseEventHandler<HTMLButtonElement> | undefined' is not assignable to type 'MouseEventHandler<HTMLDivElement> | undefined'.
  Type 'MouseEventHandler<HTMLButtonElement>' is not assignable to type 'MouseEventHandler<HTMLDivElement>'.
    Property 'align' is missing in type 'HTMLButtonElement' but required in type 'HTMLDivElement'.
src/components/dashboard/dashboard-workspace-renderer.tsx(196,21): error TS2322: Type 'string | null' is not assignable to type 'string'.
  Type 'null' is not assignable to type 'string'.
src/components/dashboard/grid-area.tsx(363,21): error TS2322: Type '{ children: Element[]; className: string; layouts: any; breakpoints: { lg: number; md: number; sm: number; xs: number; xxs: number; }; cols: { lg: number; md: number; sm: number; xs: number; xxs: number; }; ... 8 more ...; margin: [...]; }' is not assignable to type 'IntrinsicAttributes & ResponsiveGridLayoutProps<string>'.
  Property 'compactType' does not exist on type 'IntrinsicAttributes & ResponsiveGridLayoutProps<string>'.
src/components/design-canvas/CanvasPreview.tsx(295,25): error TS2322: Type '{ type: string; stiffness: number; damping: number; duration?: undefined; ease?: undefined; } | { duration: number; ease: string; type?: undefined; stiffness?: undefined; damping?: undefined; }' is not assignable to type 'Transition<any> | undefined'.
  Type '{ type: string; stiffness: number; damping: number; duration?: undefined; ease?: undefined; }' is not assignable to type 'Transition<any> | undefined'.
    Type '{ type: string; stiffness: number; damping: number; duration?: undefined; ease?: undefined; }' is not assignable to type 'TransitionWithValueOverrides<any>'.
      Type '{ type: string; stiffness: number; damping: number; duration?: undefined; ease?: undefined; }' is not assignable to type 'ValueAnimationTransition<any>'.
        Types of property 'type' are incompatible.
          Type 'string' is not assignable to type 'AnimationGeneratorType | undefined'.
src/components/design-canvas/CanvasPreview.tsx(358,25): error TS2322: Type '{ type: string; stiffness: number; damping: number; duration?: undefined; ease?: undefined; } | { duration: number; ease: string; type?: undefined; stiffness?: undefined; damping?: undefined; }' is not assignable to type 'Transition<any> | undefined'.
  Type '{ type: string; stiffness: number; damping: number; duration?: undefined; ease?: undefined; }' is not assignable to type 'Transition<any> | undefined'.
    Type '{ type: string; stiffness: number; damping: number; duration?: undefined; ease?: undefined; }' is not assignable to type 'TransitionWithValueOverrides<any>'.
      Type '{ type: string; stiffness: number; damping: number; duration?: undefined; ease?: undefined; }' is not assignable to type 'ValueAnimationTransition<any>'.
        Types of property 'type' are incompatible.
          Type 'string' is not assignable to type 'AnimationGeneratorType | undefined'.
src/components/design-canvas/CanvasPreview.tsx(379,33): error TS2322: Type '{ type: string; stiffness: number; damping: number; duration?: undefined; ease?: undefined; } | { duration: number; ease: string; type?: undefined; stiffness?: undefined; damping?: undefined; }' is not assignable to type 'Transition<any> | undefined'.
  Type '{ type: string; stiffness: number; damping: number; duration?: undefined; ease?: undefined; }' is not assignable to type 'Transition<any> | undefined'.
    Type '{ type: string; stiffness: number; damping: number; duration?: undefined; ease?: undefined; }' is not assignable to type 'TransitionWithValueOverrides<any>'.
      Type '{ type: string; stiffness: number; damping: number; duration?: undefined; ease?: undefined; }' is not assignable to type 'ValueAnimationTransition<any>'.
        Types of property 'type' are incompatible.
          Type 'string' is not assignable to type 'AnimationGeneratorType | undefined'.
src/components/design-canvas/CanvasPreview.tsx(420,25): error TS2322: Type '{ type: string; stiffness: number; damping: number; duration?: undefined; ease?: undefined; } | { duration: number; ease: string; type?: undefined; stiffness?: undefined; damping?: undefined; }' is not assignable to type 'Transition<any> | undefined'.
  Type '{ type: string; stiffness: number; damping: number; duration?: undefined; ease?: undefined; }' is not assignable to type 'Transition<any> | undefined'.
    Type '{ type: string; stiffness: number; damping: number; duration?: undefined; ease?: undefined; }' is not assignable to type 'TransitionWithValueOverrides<any>'.
      Type '{ type: string; stiffness: number; damping: number; duration?: undefined; ease?: undefined; }' is not assignable to type 'ValueAnimationTransition<any>'.
        Types of property 'type' are incompatible.
          Type 'string' is not assignable to type 'AnimationGeneratorType | undefined'.
src/components/design-canvas/CanvasPreview.tsx(519,29): error TS2322: Type '{ type: string; stiffness: number; damping: number; duration?: undefined; ease?: undefined; } | { duration: number; ease: string; type?: undefined; stiffness?: undefined; damping?: undefined; }' is not assignable to type 'Transition<any> | undefined'.
  Type '{ type: string; stiffness: number; damping: number; duration?: undefined; ease?: undefined; }' is not assignable to type 'Transition<any> | undefined'.
    Type '{ type: string; stiffness: number; damping: number; duration?: undefined; ease?: undefined; }' is not assignable to type 'TransitionWithValueOverrides<any>'.
      Type '{ type: string; stiffness: number; damping: number; duration?: undefined; ease?: undefined; }' is not assignable to type 'ValueAnimationTransition<any>'.
        Types of property 'type' are incompatible.
          Type 'string' is not assignable to type 'AnimationGeneratorType | undefined'.
src/components/design-canvas/CanvasPreview.tsx(567,17): error TS2322: Type '{ delay: number; type: string; stiffness: number; damping: number; duration?: undefined; ease?: undefined; } | { delay: number; duration: number; ease: string; type?: undefined; stiffness?: undefined; damping?: undefined; }' is not assignable to type 'Transition<any> | undefined'.
  Type '{ delay: number; type: string; stiffness: number; damping: number; duration?: undefined; ease?: undefined; }' is not assignable to type 'Transition<any> | undefined'.
    Type '{ delay: number; type: string; stiffness: number; damping: number; duration?: undefined; ease?: undefined; }' is not assignable to type 'TransitionWithValueOverrides<any>'.
      Type '{ delay: number; type: string; stiffness: number; damping: number; duration?: undefined; ease?: undefined; }' is not assignable to type 'ValueAnimationTransition<any>'.
        Types of property 'type' are incompatible.
          Type 'string' is not assignable to type 'AnimationGeneratorType | undefined'.
src/components/design-canvas/CanvasPreview.tsx(575,25): error TS2322: Type '{ type: string; stiffness: number; damping: number; duration?: undefined; ease?: undefined; } | { duration: number; ease: string; type?: undefined; stiffness?: undefined; damping?: undefined; }' is not assignable to type 'Transition<any> | undefined'.
  Type '{ type: string; stiffness: number; damping: number; duration?: undefined; ease?: undefined; }' is not assignable to type 'Transition<any> | undefined'.
    Type '{ type: string; stiffness: number; damping: number; duration?: undefined; ease?: undefined; }' is not assignable to type 'TransitionWithValueOverrides<any>'.
      Type '{ type: string; stiffness: number; damping: number; duration?: undefined; ease?: undefined; }' is not assignable to type 'ValueAnimationTransition<any>'.
        Types of property 'type' are incompatible.
          Type 'string' is not assignable to type 'AnimationGeneratorType | undefined'.
src/components/design-canvas/CanvasPreview.tsx(893,37): error TS2322: Type '"glass" | "solid" | "liquid" | "neon" | "brutal" | "liquid-crystal" | "organic"' is not assignable to type '"glass" | "default" | "liquid" | "neon" | "brutal" | "liquid-crystal" | "organic" | undefined'.
  Type '"solid"' is not assignable to type '"glass" | "default" | "liquid" | "neon" | "brutal" | "liquid-crystal" | "organic" | undefined'.
src/components/design-canvas/CanvasPreview.tsx(916,41): error TS2322: Type '"glass" | "solid" | "liquid" | "neon" | "brutal" | "liquid-crystal" | "organic"' is not assignable to type '"glass" | "default" | "liquid" | "neon" | "brutal" | "liquid-crystal" | "organic" | undefined'.
  Type '"solid"' is not assignable to type '"glass" | "default" | "liquid" | "neon" | "brutal" | "liquid-crystal" | "organic" | undefined'.
src/components/design-canvas/CanvasPreview.tsx(931,41): error TS2322: Type '"glass" | "solid" | "liquid" | "neon" | "brutal" | "liquid-crystal" | "organic"' is not assignable to type '"glass" | "default" | "liquid" | "neon" | "brutal" | "liquid-crystal" | "organic" | undefined'.
  Type '"solid"' is not assignable to type '"glass" | "default" | "liquid" | "neon" | "brutal" | "liquid-crystal" | "organic" | undefined'.
src/components/design-canvas/CanvasPreview.tsx(1308,45): error TS2322: Type '"box" | "underline" | "liquid-crystal" | "pill" | "ghost"' is not assignable to type '"box" | "underline" | "pill" | "ghost"'.
  Type '"liquid-crystal"' is not assignable to type '"box" | "underline" | "pill" | "ghost"'.
src/components/design-canvas/CanvasPreview.tsx(1324,45): error TS2322: Type '"box" | "underline" | "liquid-crystal" | "pill" | "ghost"' is not assignable to type '"box" | "underline" | "pill" | "ghost"'.
  Type '"liquid-crystal"' is not assignable to type '"box" | "underline" | "pill" | "ghost"'.
src/components/design-canvas/DesignIntegrationCanvas.tsx(231,9): error TS1117: An object literal cannot have multiple properties with the same name.
src/components/design-canvas/DesignIntegrationCanvas.tsx(232,9): error TS1117: An object literal cannot have multiple properties with the same name.
src/components/design-canvas/DesignIntegrationCanvas.tsx(233,9): error TS1117: An object literal cannot have multiple properties with the same name.
src/components/design-canvas/tabs/EffectsPhysicsTab.tsx(103,22): error TS2741: Property 'step' is missing in type '{ label: string; id: string; value: number; min: number; max: number; unit: string; onChange: (v: number) => void; onHighlight: (id: string | null) => void; color: string; }' but required in type '{ label: string; description?: string | undefined; id: string; value: number; min: number; max: number; step: number; unit?: string | undefined; onChange: (v: number) => void; color?: string | undefined; onHighlight: (id: string | null) => void; }'.
src/components/design-canvas/tabs/EffectsPhysicsTab.tsx(105,22): error TS2741: Property 'step' is missing in type '{ label: string; id: string; value: number; min: number; max: number; unit: string; onChange: (v: number) => void; onHighlight: (id: string | null) => void; color: string; }' but required in type '{ label: string; description?: string | undefined; id: string; value: number; min: number; max: number; step: number; unit?: string | undefined; onChange: (v: number) => void; color?: string | undefined; onHighlight: (id: string | null) => void; }'.
src/components/design-canvas/tabs/EffectsPhysicsTab.tsx(202,22): error TS2741: Property 'step' is missing in type '{ label: string; id: string; value: number; min: number; max: number; unit: string; onChange: (v: number) => void; onHighlight: (id: string | null) => void; color: string; }' but required in type '{ label: string; description?: string | undefined; id: string; value: number; min: number; max: number; step: number; unit?: string | undefined; onChange: (v: number) => void; color?: string | undefined; onHighlight: (id: string | null) => void; }'.
src/components/design-canvas/tabs/SplineIntegrationTab.tsx(2,23): error TS2305: Module '"../state-types"' has no exported member 'CanvasAction'.
src/components/design-canvas/tabs/UIComponentsTab.tsx(789,25): error TS2322: Type '"indigo"' is not assignable to type '"purple" | "emerald" | "amber" | "cyan" | "rose" | undefined'.
src/components/design-canvas/tabs/UIComponentsTab.tsx(801,25): error TS2322: Type '"indigo"' is not assignable to type '"purple" | "emerald" | "amber" | "cyan" | "rose" | undefined'.
src/components/design-canvas/tabs/UIComponentsTab.tsx(817,25): error TS2322: Type '"indigo"' is not assignable to type '"purple" | "emerald" | "amber" | "cyan" | "rose" | undefined'.
src/components/features/backgrounds/filters/LiquidWaveFilter.tsx(5,55): error TS2307: Cannot find module 'threejs-components' or its corresponding type declarations.
src/components/features/backgrounds/liquid-metal/LiquidMetal.tsx(14,41): error TS2339: Property 'liquidMetalness' does not exist on type '{ type: "audiomorphic" | "gradient" | "solid" | "image" | "video" | "webgl" | "spline" | "liquid-aurora" | "liquid-plasma" | "liquid-lava" | "liquid-oceanic" | "liquid-iris" | "materia-oro-vivo" | "materia-cristal-liquido" | "materia-bosque-dorado" | "living"; ... 13 more ...; environment?: { ...; } | undefined; }'.
src/components/features/backgrounds/liquid-metal/LiquidMetal.tsx(15,41): error TS2339: Property 'liquidRoughness' does not exist on type '{ type: "audiomorphic" | "gradient" | "solid" | "image" | "video" | "webgl" | "spline" | "liquid-aurora" | "liquid-plasma" | "liquid-lava" | "liquid-oceanic" | "liquid-iris" | "materia-oro-vivo" | "materia-cristal-liquido" | "materia-bosque-dorado" | "living"; ... 13 more ...; environment?: { ...; } | undefined; }'.
src/components/layout/trinity-interface.tsx(201,52): error TS2304: Cannot find name 'Bot'.
src/components/layout/universal-editor.tsx(35,60): error TS2749: 'LayoutDashboard' refers to a value, but is being used as a type here. Did you mean 'typeof LayoutDashboard'?
src/components/layout/universal-editor.tsx(36,59): error TS2749: 'Layout' refers to a value, but is being used as a type here. Did you mean 'typeof Layout'?
src/components/layout/universal-editor.tsx(37,57): error TS2749: 'Settings' refers to a value, but is being used as a type here. Did you mean 'typeof Settings'?
src/components/layout/universal-editor.tsx(38,46): error TS2749: 'Sparkles' refers to a value, but is being used as a type here. Did you mean 'typeof Sparkles'?
src/components/layout/universal-editor.tsx(39,49): error TS2749: 'Settings' refers to a value, but is being used as a type here. Did you mean 'typeof Settings'?
src/components/layout/universal-editor.tsx(40,49): error TS2749: 'BookOpen' refers to a value, but is being used as a type here. Did you mean 'typeof BookOpen'?
src/components/layout/universal-editor.tsx(41,55): error TS2749: 'FileText' refers to a value, but is being used as a type here. Did you mean 'typeof FileText'?
src/components/layout/universal-editor.tsx(42,59): error TS2749: 'Component' refers to a value, but is being used as a type here. Did you mean 'typeof Component'?
src/components/personas/AnalystLayout.tsx(2,10): error TS2459: Module '"../design-canvas/DesignIntegrationCanvas"' declares 'CanvasState' locally, but it is not exported.
src/components/personas/AnalystLayout.tsx(2,23): error TS2459: Module '"../design-canvas/DesignIntegrationCanvas"' declares 'ElementFamily' locally, but it is not exported.
src/components/personas/CreativeLayout.tsx(2,10): error TS2459: Module '"../design-canvas/DesignIntegrationCanvas"' declares 'CanvasState' locally, but it is not exported.
src/components/personas/CreativeLayout.tsx(2,23): error TS2459: Module '"../design-canvas/DesignIntegrationCanvas"' declares 'ElementFamily' locally, but it is not exported.
src/components/personas/CreativeLayout.tsx(77,105): error TS2322: Type '"icon"' is not assignable to type '"md" | "sm" | "lg" | "xl" | undefined'.
src/components/personas/StrategicLayout.tsx(2,10): error TS2459: Module '"../design-canvas/DesignIntegrationCanvas"' declares 'CanvasState' locally, but it is not exported.
src/components/personas/StrategicLayout.tsx(2,23): error TS2459: Module '"../design-canvas/DesignIntegrationCanvas"' declares 'ElementFamily' locally, but it is not exported.
src/components/personas/StrategicLayout.tsx(99,53): error TS2322: Type '"glass"' is not assignable to type '"primary" | "secondary" | "ghost" | undefined'.
src/components/personas/StrategicLayout.tsx(103,53): error TS2322: Type '"glass"' is not assignable to type '"primary" | "secondary" | "ghost" | undefined'.
src/components/political-proposal-card.tsx(52,50): error TS7006: Parameter 'props' implicitly has an 'any' type.
src/components/publish/knowledge-network-selector.tsx(99,21): error TS2322: Type 'DataItem[]' is not assignable to type 'never[] | ({ id: string; name: string; description: string; content: never[]; subCategories: { id: string; name: string; description: string; content: string[]; subCategories: never[]; }[]; } | { id: string; name: string; description: string; content: string[]; subCategories: never[]; })[]'.
  Type 'DataItem[]' is not assignable to type 'never[]'.
    Type 'DataItem' is not assignable to type 'never'.
      Type '{ id: string; name: string; description: string; }' is not assignable to type 'never'.
src/components/settings/appearance/accessibility-settings.tsx(141,24): error TS2352: Conversion of type 'A11ySettings' to type 'Record<string, unknown>' may be a mistake because neither type sufficiently overlaps with the other. If this was intentional, convert the expression to 'unknown' first.
  Index signature for type 'string' is missing in type 'A11ySettings'.
src/components/settings/appearance/liquid-glass-settings.tsx(24,17): error TS2367: This comparison appears to be unintentional because the types '"mode" | "enabled" | "displacementScale" | "saturation" | "cornerRadius" | "blurAmount" | "elasticity" | "aberrationIntensity" | "applyToUI"' and '"distortRadius"' have no overlap.
src/components/settings/appearance/liquid-glass-settings.tsx(27,17): error TS2367: This comparison appears to be unintentional because the types '"mode" | "enabled" | "displacementScale" | "saturation" | "cornerRadius" | "blurAmount" | "elasticity" | "aberrationIntensity" | "applyToUI"' and '"distortWidth"' have no overlap.
src/components/settings/appearance/liquid-glass-settings.tsx(30,17): error TS2367: This comparison appears to be unintentional because the types '"mode" | "enabled" | "displacementScale" | "saturation" | "cornerRadius" | "blurAmount" | "elasticity" | "aberrationIntensity" | "applyToUI"' and '"smoothStepEdge"' have no overlap.
src/components/settings/appearance/liquid-glass-settings.tsx(102,91): error TS2339: Property 'distortWidth' does not exist on type '{ enabled: boolean; displacementScale: number; blurAmount: number; elasticity: number; aberrationIntensity: number; applyToUI: boolean; saturation: number; cornerRadius: number; mode: "standard" | "polar" | "prominent" | "shader"; }'.
src/components/settings/appearance/liquid-glass-settings.tsx(106,45): error TS2339: Property 'distortWidth' does not exist on type '{ enabled: boolean; displacementScale: number; blurAmount: number; elasticity: number; aberrationIntensity: number; applyToUI: boolean; saturation: number; cornerRadius: number; mode: "standard" | "polar" | "prominent" | "shader"; }'.
src/components/settings/appearance/liquid-glass-settings.tsx(110,62): error TS2345: Argument of type '"distortWidth"' is not assignable to parameter of type '"mode" | "enabled" | "displacementScale" | "saturation" | "cornerRadius" | "blurAmount" | "elasticity" | "aberrationIntensity" | "applyToUI"'.
src/components/settings/appearance/liquid-glass-settings.tsx(119,86): error TS2339: Property 'distortRadius' does not exist on type '{ enabled: boolean; displacementScale: number; blurAmount: number; elasticity: number; aberrationIntensity: number; applyToUI: boolean; saturation: number; cornerRadius: number; mode: "standard" | "polar" | "prominent" | "shader"; }'.
src/components/settings/appearance/liquid-glass-settings.tsx(123,45): error TS2339: Property 'distortRadius' does not exist on type '{ enabled: boolean; displacementScale: number; blurAmount: number; elasticity: number; aberrationIntensity: number; applyToUI: boolean; saturation: number; cornerRadius: number; mode: "standard" | "polar" | "prominent" | "shader"; }'.
src/components/settings/appearance/liquid-glass-settings.tsx(127,62): error TS2345: Argument of type '"distortRadius"' is not assignable to parameter of type '"mode" | "enabled" | "displacementScale" | "saturation" | "cornerRadius" | "blurAmount" | "elasticity" | "aberrationIntensity" | "applyToUI"'.
src/components/settings/appearance/liquid-glass-settings.tsx(136,72): error TS2339: Property 'smoothStepEdge' does not exist on type '{ enabled: boolean; displacementScale: number; blurAmount: number; elasticity: number; aberrationIntensity: number; applyToUI: boolean; saturation: number; cornerRadius: number; mode: "standard" | "polar" | "prominent" | "shader"; }'.
src/components/settings/appearance/liquid-glass-settings.tsx(140,45): error TS2339: Property 'smoothStepEdge' does not exist on type '{ enabled: boolean; displacementScale: number; blurAmount: number; elasticity: number; aberrationIntensity: number; applyToUI: boolean; saturation: number; cornerRadius: number; mode: "standard" | "polar" | "prominent" | "shader"; }'.
src/components/settings/appearance/liquid-glass-settings.tsx(144,62): error TS2345: Argument of type '"smoothStepEdge"' is not assignable to parameter of type '"mode" | "enabled" | "displacementScale" | "saturation" | "cornerRadius" | "blurAmount" | "elasticity" | "aberrationIntensity" | "applyToUI"'.
src/components/settings/appearance/theme-gallery.tsx(42,78): error TS2353: Object literal may only specify known properties, and 'distortWidth' does not exist in type 'DeepPartial<{ enabled: boolean; displacementScale: number; blurAmount: number; elasticity: number; aberrationIntensity: number; applyToUI: boolean; saturation: number; cornerRadius: number; mode: "standard" | "polar" | "prominent" | "shader"; }>'.
src/components/settings/appearance/theme-gallery.tsx(56,80): error TS2353: Object literal may only specify known properties, and 'distortWidth' does not exist in type 'DeepPartial<{ enabled: boolean; displacementScale: number; blurAmount: number; elasticity: number; aberrationIntensity: number; applyToUI: boolean; saturation: number; cornerRadius: number; mode: "standard" | "polar" | "prominent" | "shader"; }>'.
src/components/settings/appearance/theme-gallery.tsx(70,77): error TS2353: Object literal may only specify known properties, and 'distortWidth' does not exist in type 'DeepPartial<{ enabled: boolean; displacementScale: number; blurAmount: number; elasticity: number; aberrationIntensity: number; applyToUI: boolean; saturation: number; cornerRadius: number; mode: "standard" | "polar" | "prominent" | "shader"; }>'.
src/components/settings/appearance/theme-gallery.tsx(84,78): error TS2353: Object literal may only specify known properties, and 'distortWidth' does not exist in type 'DeepPartial<{ enabled: boolean; displacementScale: number; blurAmount: number; elasticity: number; aberrationIntensity: number; applyToUI: boolean; saturation: number; cornerRadius: number; mode: "standard" | "polar" | "prominent" | "shader"; }>'.
src/components/settings/appearance/theme-store.tsx(32,78): error TS2353: Object literal may only specify known properties, and 'distortWidth' does not exist in type 'DeepPartial<{ enabled: boolean; displacementScale: number; blurAmount: number; elasticity: number; aberrationIntensity: number; applyToUI: boolean; saturation: number; cornerRadius: number; mode: "standard" | "polar" | "prominent" | "shader"; }>'.
src/components/settings/appearance/theme-store.tsx(47,80): error TS2353: Object literal may only specify known properties, and 'distortWidth' does not exist in type 'DeepPartial<{ enabled: boolean; displacementScale: number; blurAmount: number; elasticity: number; aberrationIntensity: number; applyToUI: boolean; saturation: number; cornerRadius: number; mode: "standard" | "polar" | "prominent" | "shader"; }>'.
src/components/settings/appearance/theme-store.tsx(62,77): error TS2353: Object literal may only specify known properties, and 'distortWidth' does not exist in type 'DeepPartial<{ enabled: boolean; displacementScale: number; blurAmount: number; elasticity: number; aberrationIntensity: number; applyToUI: boolean; saturation: number; cornerRadius: number; mode: "standard" | "polar" | "prominent" | "shader"; }>'.
src/components/settings/appearance/theme-store.tsx(77,78): error TS2353: Object literal may only specify known properties, and 'distortWidth' does not exist in type 'DeepPartial<{ enabled: boolean; displacementScale: number; blurAmount: number; elasticity: number; aberrationIntensity: number; applyToUI: boolean; saturation: number; cornerRadius: number; mode: "standard" | "polar" | "prominent" | "shader"; }>'.
src/components/settings/appearance/ui-element-settings.tsx(101,20): error TS2367: This comparison appears to be unintentional because the types '"custom" | "primary"' and '"solid-crystal"' have no overlap.
src/components/stitch/StitchGraph.tsx(10,15): error TS2459: Module '"@/components/design-canvas/DesignIntegrationCanvas"' declares 'CanvasState' locally, but it is not exported.
src/components/theme/theme-utils.ts(141,13): error TS2353: Object literal may only specify known properties, and 'distortWidth' does not exist in type 'DeepPartial<{ enabled: boolean; displacementScale: number; blurAmount: number; elasticity: number; aberrationIntensity: number; applyToUI: boolean; saturation: number; cornerRadius: number; mode: "standard" | "polar" | "prominent" | "shader"; }>'.
src/components/theme/theme-utils.ts(199,13): error TS2353: Object literal may only specify known properties, and 'distortWidth' does not exist in type 'DeepPartial<{ enabled: boolean; displacementScale: number; blurAmount: number; elasticity: number; aberrationIntensity: number; applyToUI: boolean; saturation: number; cornerRadius: number; mode: "standard" | "polar" | "prominent" | "shader"; }>'.
src/components/theme/theme-utils.ts(257,13): error TS2353: Object literal may only specify known properties, and 'distortWidth' does not exist in type 'DeepPartial<{ enabled: boolean; displacementScale: number; blurAmount: number; elasticity: number; aberrationIntensity: number; applyToUI: boolean; saturation: number; cornerRadius: number; mode: "standard" | "polar" | "prominent" | "shader"; }>'.
src/components/theme/theme-utils.ts(316,13): error TS2353: Object literal may only specify known properties, and 'distortWidth' does not exist in type 'DeepPartial<{ enabled: boolean; displacementScale: number; blurAmount: number; elasticity: number; aberrationIntensity: number; applyToUI: boolean; saturation: number; cornerRadius: number; mode: "standard" | "polar" | "prominent" | "shader"; }>'.
src/components/theme/theme-utils.ts(378,13): error TS2353: Object literal may only specify known properties, and 'distortWidth' does not exist in type 'DeepPartial<{ enabled: boolean; displacementScale: number; blurAmount: number; elasticity: number; aberrationIntensity: number; applyToUI: boolean; saturation: number; cornerRadius: number; mode: "standard" | "polar" | "prominent" | "shader"; }>'.
src/components/ui/button-colorful.tsx(9,17): error TS2323: Cannot redeclare exported variable 'ButtonColorful'.
src/components/ui/button-colorful.tsx(44,10): error TS2323: Cannot redeclare exported variable 'ButtonColorful'.
src/components/ui/button-colorful.tsx(44,10): error TS2484: Export declaration conflicts with exported declaration of 'ButtonColorful'.
src/hermes-integration/04-auto-discover.ts(301,15): error TS2322: Type '{ loadMode: "manual"; name?: string | undefined; description?: string | undefined; version?: string | undefined; category?: SkillCategory | undefined; tags?: string[] | undefined; ... 5 more ...; requiredTools?: string[] | undefined; }' is not assignable to type 'SkillMetadata'.
  Types of property 'name' are incompatible.
    Type 'string | undefined' is not assignable to type 'string'.
      Type 'undefined' is not assignable to type 'string'.
src/hermes-integration/04-auto-discover.ts(313,11): error TS2322: Type '{ loadMode: "auto"; name?: string | undefined; description?: string | undefined; version?: string | undefined; category?: SkillCategory | undefined; tags?: string[] | undefined; ... 5 more ...; requiredTools?: string[] | undefined; }' is not assignable to type 'SkillMetadata'.
  Types of property 'name' are incompatible.
    Type 'string | undefined' is not assignable to type 'string'.
      Type 'undefined' is not assignable to type 'string'.
src/lib/stitch-theme-parser.ts(1,10): error TS2459: Module '"@/components/design-canvas/DesignIntegrationCanvas"' declares 'CanvasState' locally, but it is not exported.
src/modules/weather/components/widgets/space/space-weather-solar-wind-widget.tsx(20,34): error TS2339: Property 'phi' does not exist on type '{ density: number | null; speed: number | null; temperature: number | null; bt: number | null; bz: number | null; timestamp: string; }'.
src/types/database.types.ts(192,14): error TS2536: Type '"Tables"' cannot be used to index type 'Database[PublicTableNameOrOptions["schema"]]'.
src/types/database.types.ts(193,9): error TS2536: Type '"Views"' cannot be used to index type 'Database[PublicTableNameOrOptions["schema"]]'.
src/types/database.types.ts(196,6): error TS2536: Type '"Tables"' cannot be used to index type 'Database[PublicTableNameOrOptions["schema"]]'.
src/types/database.types.ts(197,7): error TS2536: Type '"Views"' cannot be used to index type 'Database[PublicTableNameOrOptions["schema"]]'.
src/types/database.types.ts(217,13): error TS2536: Type '"Tables"' cannot be used to index type 'Database[PublicTableNameOrOptions["schema"]]'.
src/types/database.types.ts(220,5): error TS2536: Type '"Tables"' cannot be used to index type 'Database[PublicTableNameOrOptions["schema"]]'.
src/types/database.types.ts(238,13): error TS2536: Type '"Tables"' cannot be used to index type 'Database[PublicTableNameOrOptions["schema"]]'.
src/types/database.types.ts(241,5): error TS2536: Type '"Tables"' cannot be used to index type 'Database[PublicTableNameOrOptions["schema"]]'.
src/types/database.types.ts(259,13): error TS2536: Type '"Enums"' cannot be used to index type 'Database[PublicEnumNameOrOptions["schema"]]'.
src/types/database.types.ts(262,5): error TS2536: Type '"Enums"' cannot be used to index type 'Database[PublicEnumNameOrOptions["schema"]]'.
src/types/database.types.ts(272,13): error TS2536: Type '"CompositeTypes"' cannot be used to index type 'Database[PublicCompositeTypeNameOrOptions["schema"]]'.
src/types/database.types.ts(275,5): error TS2536: Type '"CompositeTypes"' cannot be used to index type 'Database[PublicCompositeTypeNameOrOptions["schema"]]'.
src/types/supabase.ts(167,14): error TS2536: Type '"Tables"' cannot be used to index type 'Database[PublicTableNameOrOptions["schema"]]'.
src/types/supabase.ts(168,9): error TS2536: Type '"Views"' cannot be used to index type 'Database[PublicTableNameOrOptions["schema"]]'.
src/types/supabase.ts(171,8): error TS2536: Type '"Tables"' cannot be used to index type 'Database[PublicTableNameOrOptions["schema"]]'.
src/types/supabase.ts(172,9): error TS2536: Type '"Views"' cannot be used to index type 'Database[PublicTableNameOrOptions["schema"]]'.
src/types/supabase.ts(192,13): error TS2536: Type '"Tables"' cannot be used to index type 'Database[PublicTableNameOrOptions["schema"]]'.
src/types/supabase.ts(195,7): error TS2536: Type '"Tables"' cannot be used to index type 'Database[PublicTableNameOrOptions["schema"]]'.
src/types/supabase.ts(213,13): error TS2536: Type '"Tables"' cannot be used to index type 'Database[PublicTableNameOrOptions["schema"]]'.
src/types/supabase.ts(216,7): error TS2536: Type '"Tables"' cannot be used to index type 'Database[PublicTableNameOrOptions["schema"]]'.
src/types/supabase.ts(234,13): error TS2536: Type '"Enums"' cannot be used to index type 'Database[PublicEnumNameOrOptions["schema"]]'.
src/types/supabase.ts(237,7): error TS2536: Type '"Enums"' cannot be used to index type 'Database[PublicEnumNameOrOptions["schema"]]'.
src/types/supabase.ts(249,13): error TS2536: Type '"CompositeTypes"' cannot be used to index type 'Database[PublicCompositeTypeNameOrOptions["schema"]]'.
src/types/supabase.ts(252,7): error TS2536: Type '"CompositeTypes"' cannot be used to index type 'Database[PublicCompositeTypeNameOrOptions["schema"]]'.
theme-antigravity-flux/components/Navigation.tsx(67,22): error TS2362: The left-hand side of an arithmetic operation must be of type 'any', 'number', 'bigint' or an enum type.
theme-antigravity-flux/components/Navigation.tsx(75,26): error TS2362: The left-hand side of an arithmetic operation must be of type 'any', 'number', 'bigint' or an enum type.
theme-antigravity-flux/components/Navigation.tsx(82,13): error TS2322: Type 'RefObject<HTMLButtonElement | null>' is not assignable to type 'LegacyRef<HTMLButtonElement> | undefined'.
  Type 'RefObject<HTMLButtonElement | null>' is not assignable to type 'RefObject<HTMLButtonElement>'.
    Type 'HTMLButtonElement | null' is not assignable to type 'HTMLButtonElement'.
      Type 'null' is not assignable to type 'HTMLButtonElement'.
theme-antigravity-flux/components/Navigation.tsx(163,25): error TS2322: Type 'MotionValue<number>' is not assignable to type 'MotionValue<unknown>'.
  Types of property 'attach' are incompatible.
    Type '(passiveEffect: PassiveEffect<number>, stopPassiveEffect: VoidFunction) => void' is not assignable to type '(passiveEffect: PassiveEffect<unknown>, stopPassiveEffect: VoidFunction) => void'.
      Types of parameters 'passiveEffect' and 'passiveEffect' are incompatible.
        Types of parameters 'safeSetter' and 'safeSetter' are incompatible.
          Type '(v: number) => void' is not assignable to type '(v: unknown) => void'.
            Types of parameters 'v' and 'v' are incompatible.
              Type 'unknown' is not assignable to type 'number'.
